2026-08-14 22:27:47 Suggestion: Install libpam-tmpdir to set $TMP and $TMPDIR for PAM sessions [test:DEB-0280] [details:-] [solution:-]
2026-08-14 22:27:47 Suggestion: Install apt-listbugs to display a list of critical bugs prior to each APT installation. [test:DEB-0810] [details:-] [solution:-]
2026-08-14 22:27:47 Suggestion: Install apt-listchanges to display any significant changes prior to any upgrade via APT. [test:DEB-0811] [details:-] [solution:-]
2026-08-14 22:27:47 Suggestion: Install fail2ban to automatically ban hosts that commit multiple authentication errors. [test:DEB-0880] [details:-] [solution:-]
2026-08-14 22:27:48 Suggestion: Set a password on GRUB boot loader to prevent altering boot configuration (e.g. boot in single user mode without password) [test:BOOT-5122] [details:-] [solution:-]
2026-08-14 22:27:49 Suggestion: Determine runlevel and services at startup [test:BOOT-5180] [details:-] [solution:-]
2026-08-14 22:27:55 Suggestion: Consider hardening system services [test:BOOT-5264] [details:Run '/usr/bin/systemd-analyze security SERVICE' for each service] [solution:-]
2026-08-14 22:27:56 Suggestion: Configure password hashing rounds in /etc/login.defs [test:AUTH-9230] [details:-] [solution:-]
2026-08-14 22:27:57 Suggestion: Install a PAM module for password strength testing like pam_cracklib or pam_passwdqc or libpam-passwdqc [test:AUTH-9262] [details:-] [solution:-]
2026-08-14 22:27:57 Suggestion: When possible set expire dates for all password protected accounts [test:AUTH-9282] [details:-] [solution:-]
2026-08-14 22:27:57 Suggestion: Configure minimum password age in /etc/login.defs [test:AUTH-9286] [details:-] [solution:-]
2026-08-14 22:27:57 Suggestion: Configure maximum password age in /etc/login.defs [test:AUTH-9286] [details:-] [solution:-]
2026-08-14 22:27:58 Suggestion: Default umask in /etc/login.defs could not be found and defaults usually to 022, which could be more strict like 027 [test:AUTH-9328] [details:-] [solution:-]
2026-08-14 22:27:58 Suggestion: To decrease the impact of a full /home file system, place /home on a separate partition [test:FILE-6310] [details:-] [solution:-]
2026-08-14 22:27:58 Suggestion: To decrease the impact of a full /var file system, place /var on a separate partition [test:FILE-6310] [details:-] [solution:-]
2026-08-14 22:28:00 Suggestion: Disable drivers like USB storage when not used, to prevent unauthorized storage or data theft [test:USB-1000] [details:-] [solution:-]
2026-08-14 22:28:00 Suggestion: Disable drivers like firewire storage when not used, to prevent unauthorized storage or data theft [test:STRG-1846] [details:-] [solution:-]
2026-08-14 22:28:00 Suggestion: Check DNS configuration for the dns domain name [test:NAME-4028] [details:-] [solution:-]
2026-08-14 22:28:01 Suggestion: Check RPM database as RPM binary available but does not reveal any packages [test:PKGS-7308] [details:-] [solution:-]
2026-08-14 22:28:25 Suggestion: Install debsums utility for the verification of packages with known good database. [test:PKGS-7370] [details:-] [solution:-]
2026-08-14 22:28:26 Suggestion: Install package apt-show-versions for patch management purposes [test:PKGS-7394] [details:-] [solution:-]
2026-08-14 22:28:27 Suggestion: Consider using a tool to automatically apply upgrades [test:PKGS-7420] [details:-] [solution:-]
2026-08-14 22:28:30 Warning: Couldn't find 2 responsive nameservers [test:NETW-2705] [details:-] [solution:-]
2026-08-14 22:28:30 Suggestion: Check your resolv.conf file and fill in a backup nameserver if possible [test:NETW-2705] [details:-] [solution:-]
2026-08-14 22:28:30 Suggestion: Determine if protocol 'dccp' is really needed on this system [test:NETW-3200] [details:-] [solution:-]
2026-08-14 22:28:30 Suggestion: Determine if protocol 'sctp' is really needed on this system [test:NETW-3200] [details:-] [solution:-]
2026-08-14 22:28:30 Suggestion: Determine if protocol 'rds' is really needed on this system [test:NETW-3200] [details:-] [solution:-]
2026-08-14 22:28:30 Suggestion: Determine if protocol 'tipc' is really needed on this system [test:NETW-3200] [details:-] [solution:-]
2026-08-14 22:28:34 Suggestion: Install Apache mod_evasive to guard webserver against DoS/brute force attempts [test:HTTP-6640] [details:-] [solution:-]
2026-08-14 22:28:34 Suggestion: Install Apache modsecurity to guard webserver against web application attacks [test:HTTP-6643] [details:-] [solution:-]
2026-08-14 22:28:35 Suggestion: Consider hardening SSH configuration [test:SSH-7408] [details:AllowTcpForwarding (set YES to NO)] [solution:-]
2026-08-14 22:28:35 Suggestion: Consider hardening SSH configuration [test:SSH-7408] [details:ClientAliveCountMax (set 3 to 2)] [solution:-]
2026-08-14 22:28:35 Suggestion: Consider hardening SSH configuration [test:SSH-7408] [details:LogLevel (set INFO to VERBOSE)] [solution:-]
2026-08-14 22:28:35 Suggestion: Consider hardening SSH configuration [test:SSH-7408] [details:MaxAuthTries (set 6 to 3)] [solution:-]
2026-08-14 22:28:35 Suggestion: Consider hardening SSH configuration [test:SSH-7408] [details:MaxSessions (set 10 to 2)] [solution:-]
2026-08-14 22:28:35 Suggestion: Consider hardening SSH configuration [test:SSH-7408] [details:Port (set 22 to )] [solution:-]
2026-08-14 22:28:36 Suggestion: Consider hardening SSH configuration [test:SSH-7408] [details:TCPKeepAlive (set YES to NO)] [solution:-]
2026-08-14 22:28:36 Suggestion: Consider hardening SSH configuration [test:SSH-7408] [details:X11Forwarding (set YES to NO)] [solution:-]
2026-08-14 22:28:36 Suggestion: Consider hardening SSH configuration [test:SSH-7408] [details:AllowAgentForwarding (set YES to NO)] [solution:-]
2026-08-14 22:28:37 Suggestion: Change the allow_url_fopen line to: allow_url_fopen = Off, to disable downloads via PHP [test:PHP-2376] [details:-] [solution:-]
2026-08-14 22:28:38 Suggestion: Enable logging to an external logging host for archiving purposes and additional protection [test:LOGG-2154] [details:-] [solution:-]
2026-08-14 22:28:39 Suggestion: Check what deleted files are still in use and why. [test:LOGG-2190] [details:-] [solution:-]
2026-08-14 22:28:39 Suggestion: Remove rsh client when it is not in use or replace with the more secure SSH package [test:INSE-8300] [details:-] [solution:-]
2026-08-14 22:28:40 Suggestion: It is recommended that TFTP be removed, unless there is a specific need for TFTP (such as a boot server) [test:INSE-8318] [details:-] [solution:-]
2026-08-14 22:28:40 Suggestion: Removing the atftpd package decreases the risk of the accidental (or intentional) activation of tftp services [test:INSE-8320] [details:-] [solution:-]
2026-08-14 22:28:40 Suggestion: Add a legal banner to /etc/issue, to warn unauthorized users [test:BANN-7126] [details:-] [solution:-]
2026-08-14 22:28:40 Suggestion: Add legal banner to /etc/issue.net, to warn unauthorized users [test:BANN-7130] [details:-] [solution:-]
2026-08-14 22:28:41 Suggestion: Enable process accounting [test:ACCT-9622] [details:-] [solution:-]
2026-08-14 22:28:41 Suggestion: Enable sysstat to collect accounting (disabled) [test:ACCT-9626] [details:-] [solution:-]
2026-08-14 22:28:41 Suggestion: Enable auditd to collect audit information [test:ACCT-9628] [details:-] [solution:-]
2026-08-14 22:29:15 Suggestion: Install a file integrity tool to monitor changes to critical and sensitive files [test:FINT-4350] [details:-] [solution:-]
2026-08-14 22:29:15 Suggestion: Determine if automation tools are present for system management [test:TOOL-5002] [details:-] [solution:-]
2026-08-14 22:29:17 Suggestion: Consider restricting file permissions [test:FILE-7524] [details:See screen output or log file] [solution:text:Use chmod to change file permissions]
2026-08-14 22:29:17 Suggestion: Double check the permissions of home directories as some might be not strict enough. [test:HOME-9304] [details:-] [solution:-]
2026-08-14 22:29:19 Suggestion: One or more sysctl values differ from the scan profile and could be tweaked [test:KRNL-6000] [details:] [solution:Change sysctl value or disable test (skip-test=KRNL-6000:<sysctl-key>)]
2026-08-14 22:29:19 Suggestion: Harden compilers like restricting access to root user only [test:HRDN-7222] [details:-] [solution:-]
2026-08-14 22:29:19 Suggestion: Harden the system by installing at least one malware scanner, to perform periodic file system scans [test:HRDN-7230] [details:-] [solution:Install a tool like rkhunter, chkrootkit, OSSEC, Wazuh]
